
> mergifypdf@0.1.0 build /home/alan/mergifypdf
> next build --webpack

   ▲ Next.js 16.0.7 (webpack)
   - Environments: .env
   - Experiments (use with caution):
     · cpus: 1

   Creating an optimized production build ...
 ✓ Compiled successfully in 9.1s
   Running TypeScript ...
   Collecting page data using 1 worker ...
   Generating static pages using 1 worker (0/31) ...
   Generating static pages using 1 worker (7/31) 
   Generating static pages using 1 worker (15/31) 
   Generating static pages using 1 worker (23/31) 
 ✓ Generating static pages using 1 worker (31/31) in 282.4ms
   Finalizing page optimization ...
   Collecting build traces ...

Route (app)
┌ ƒ /
├ ƒ /_not-found
├ ƒ /2fa
├ ƒ /account
├ ƒ /api/account/two-factor
├ ƒ /api/account/two-factor/verify
├ ƒ /api/account/update-email
├ ƒ /api/account/update-password
├ ƒ /api/auth/[...nextauth]
├ ƒ /api/auth/password/reset-confirm
├ ƒ /api/auth/password/reset-request
├ ƒ /api/auth/password/reset-verify
├ ƒ /api/auth/request-reset
├ ƒ /api/auth/reset-password
├ ƒ /api/auth/two-factor/challenge
├ ƒ /api/auth/two-factor/verify
├ ƒ /api/billing-portal
├ ƒ /api/billing/checkout
├ ƒ /api/db-check
├ ƒ /api/dev/env
├ ƒ /api/dev/introspect-reset
├ ƒ /api/dev/request-reset
├ ƒ /api/dev/reset-status
├ ƒ /api/dev/scan-reset
├ ƒ /api/dev/send-reset
├ ƒ /api/dev/test-email
├ ƒ /api/dev/tokens
├ ƒ /api/projects
├ ƒ /api/projects/[id]
├ ƒ /api/projects/[id]/copy
├ ƒ /api/projects/[id]/thumbnail
├ ƒ /api/projects/[id]/trash
├ ƒ /api/quota
├ ƒ /api/recent-projects
├ ƒ /api/sign-session
├ ƒ /api/sign-session/[id]
├ ƒ /api/signatures
├ ƒ /api/signup
├ ƒ /api/signup/verify
├ ƒ /api/stripe/webhook
├ ƒ /api/test-email
├ ƒ /forgot-password
├ ƒ /login
├ ƒ /pricing
├ ƒ /projects
├ ƒ /projects/all
├ ƒ /projects/starred
├ ƒ /projects/trash
├ ƒ /register
├ ƒ /remove-pages
├ ƒ /reset-password
├ ƒ /settings
├ ƒ /sign-on-mobile/[sessionId]
├ ƒ /signature-center
├ ƒ /signature-request/[id]
├ ƒ /studio
├ ƒ /two-factor
└ ƒ /workbench


ƒ  (Dynamic)  server-rendered on demand

